// Jest Snapshot v1, https://goo.gl/fbAQLP

exports[`Links component snapshot test 1`] = `<links />`;
